<?xml version="1.0" encoding="UTF-8"?>
<testsuites>
  <testsuite name="" tests="202" assertions="516" errors="0" warnings="0" failures="0" skipped="9" time="19.909113">
    <testsuite name="default" tests="202" assertions="516" errors="0" warnings="0" failures="0" skipped="9" time="19.909113">
      <testsuite name="WpLicenseServer\Tests\IpResolverTest" file="/var/www/html/wordpress/wp-content/plugins/wp-license-server/tests/php/IpResolverTest.php" tests="6" assertions="1" errors="0" warnings="0" failures="0" skipped="5" time="0.003489">
        <testcase name="test_cf_connecting_ip_used_when_present" class="WpLicenseServer\Tests\IpResolverTest" classname="WpLicenseServer.Tests.IpResolverTest" file="/var/www/html/wordpress/wp-content/plugins/wp-license-server/tests/php/IpResolverTest.php" line="74" assertions="1" time="0.002009"/>
        <testcase name="test_remote_addr_returned_when_no_trusted_proxy_defined" class="WpLicenseServer\Tests\IpResolverTest" classname="WpLicenseServer.Tests.IpResolverTest" file="/var/www/html/wordpress/wp-content/plugins/wp-license-server/tests/php/IpResolverTest.php" line="59" assertions="0" time="0.000407">
          <skipped/>
        </testcase>
        <testcase name="test_first_xff_ip_used_when_remote_addr_is_trusted_proxy" class="WpLicenseServer\Tests\IpResolverTest" classname="WpLicenseServer.Tests.IpResolverTest" file="/var/www/html/wordpress/wp-content/plugins/wp-license-server/tests/php/IpResolverTest.php" line="95" assertions="0" time="0.000295">
          <skipped/>
        </testcase>
        <testcase name="test_xff_ignored_when_remote_addr_not_in_trusted_list" class="WpLicenseServer\Tests\IpResolverTest" classname="WpLicenseServer.Tests.IpResolverTest" file="/var/www/html/wordpress/wp-content/plugins/wp-license-server/tests/php/IpResolverTest.php" line="112" assertions="0" time="0.000266">
          <skipped/>
        </testcase>
        <testcase name="test_invalid_xff_falls_back_to_remote_addr" class="WpLicenseServer\Tests\IpResolverTest" classname="WpLicenseServer.Tests.IpResolverTest" file="/var/www/html/wordpress/wp-content/plugins/wp-license-server/tests/php/IpResolverTest.php" line="129" assertions="0" time="0.000249">
          <skipped/>
        </testcase>
        <testcase name="test_fallback_to_zero_when_remote_addr_not_set" class="WpLicenseServer\Tests\IpResolverTest" classname="WpLicenseServer.Tests.IpResolverTest" file="/var/www/html/wordpress/wp-content/plugins/wp-license-server/tests/php/IpResolverTest.php" line="146" assertions="0" time="0.000262">
          <skipped/>
        </testcase>
      </testsuite>
      <testsuite name="WpLicenseServer\Tests\WebhookReceiverControllerTest" file="/var/www/html/wordpress/wp-content/plugins/wp-license-server/tests/php/WebhookReceiverControllerTest.php" tests="8" assertions="22" errors="0" warnings="0" failures="0" skipped="0" time="0.960825">
        <testcase name="test_valid_request_with_body_hash_returns_200" class="WpLicenseServer\Tests\WebhookReceiverControllerTest" classname="WpLicenseServer.Tests.WebhookReceiverControllerTest" file="/var/www/html/wordpress/wp-content/plugins/wp-license-server/tests/php/WebhookReceiverControllerTest.php" line="173" assertions="3" time="0.121651"/>
        <testcase name="test_invalid_json_body_returns_400" class="WpLicenseServer\Tests\WebhookReceiverControllerTest" classname="WpLicenseServer.Tests.WebhookReceiverControllerTest" file="/var/www/html/wordpress/wp-content/plugins/wp-license-server/tests/php/WebhookReceiverControllerTest.php" line="104" assertions="2" time="0.122294"/>
        <testcase name="test_missing_required_fields_returns_400" class="WpLicenseServer\Tests\WebhookReceiverControllerTest" classname="WpLicenseServer.Tests.WebhookReceiverControllerTest" file="/var/www/html/wordpress/wp-content/plugins/wp-license-server/tests/php/WebhookReceiverControllerTest.php" line="113" assertions="2" time="0.120119"/>
        <testcase name="test_expired_timestamp_returns_400" class="WpLicenseServer\Tests\WebhookReceiverControllerTest" classname="WpLicenseServer.Tests.WebhookReceiverControllerTest" file="/var/www/html/wordpress/wp-content/plugins/wp-license-server/tests/php/WebhookReceiverControllerTest.php" line="123" assertions="2" time="0.117284"/>
        <testcase name="test_event_id_dedup_returns_200_on_second_call" class="WpLicenseServer\Tests\WebhookReceiverControllerTest" classname="WpLicenseServer.Tests.WebhookReceiverControllerTest" file="/var/www/html/wordpress/wp-content/plugins/wp-license-server/tests/php/WebhookReceiverControllerTest.php" line="137" assertions="5" time="0.121571"/>
        <testcase name="test_unknown_license_key_prefix_returns_404" class="WpLicenseServer\Tests\WebhookReceiverControllerTest" classname="WpLicenseServer.Tests.WebhookReceiverControllerTest" file="/var/www/html/wordpress/wp-content/plugins/wp-license-server/tests/php/WebhookReceiverControllerTest.php" line="156" assertions="2" time="0.120321"/>
        <testcase name="test_invalid_signature_returns_403" class="WpLicenseServer\Tests\WebhookReceiverControllerTest" classname="WpLicenseServer.Tests.WebhookReceiverControllerTest" file="/var/www/html/wordpress/wp-content/plugins/wp-license-server/tests/php/WebhookReceiverControllerTest.php" line="186" assertions="2" time="0.119556"/>
        <testcase name="test_legacy_verification_without_body_hash_returns_200" class="WpLicenseServer\Tests\WebhookReceiverControllerTest" classname="WpLicenseServer.Tests.WebhookReceiverControllerTest" file="/var/www/html/wordpress/wp-content/plugins/wp-license-server/tests/php/WebhookReceiverControllerTest.php" line="200" assertions="4" time="0.118029"/>
      </testsuite>
      <testsuite name="WpLicenseServer\Tests\RateLimiterIpTest" file="/var/www/html/wordpress/wp-content/plugins/wp-license-server/tests/php/RateLimiterIpTest.php" tests="4" assertions="0" errors="0" warnings="0" failures="0" skipped="4" time="0.001160">
        <testcase name="test_xff_ignored_when_no_trusted_proxy_defined" class="WpLicenseServer\Tests\RateLimiterIpTest" classname="WpLicenseServer.Tests.RateLimiterIpTest" file="/var/www/html/wordpress/wp-content/plugins/wp-license-server/tests/php/RateLimiterIpTest.php" line="54" assertions="0" time="0.000349">
          <skipped/>
        </testcase>
        <testcase name="test_first_xff_ip_used_when_remote_addr_is_trusted_proxy" class="WpLicenseServer\Tests\RateLimiterIpTest" classname="WpLicenseServer.Tests.RateLimiterIpTest" file="/var/www/html/wordpress/wp-content/plugins/wp-license-server/tests/php/RateLimiterIpTest.php" line="70" assertions="0" time="0.000282">
          <skipped/>
        </testcase>
        <testcase name="test_invalid_xff_falls_back_to_remote_addr" class="WpLicenseServer\Tests\RateLimiterIpTest" classname="WpLicenseServer.Tests.RateLimiterIpTest" file="/var/www/html/wordpress/wp-content/plugins/wp-license-server/tests/php/RateLimiterIpTest.php" line="90" assertions="0" time="0.000279">
          <skipped/>
        </testcase>
        <testcase name="test_xff_ignored_when_remote_addr_not_in_trusted_list" class="WpLicenseServer\Tests\RateLimiterIpTest" classname="WpLicenseServer.Tests.RateLimiterIpTest" file="/var/www/html/wordpress/wp-content/plugins/wp-license-server/tests/php/RateLimiterIpTest.php" line="108" assertions="0" time="0.000250">
          <skipped/>
        </testcase>
      </testsuite>
      <testsuite name="WpLicenseServer\Tests\AdminLicensesControllerTest" file="/var/www/html/wordpress/wp-content/plugins/wp-license-server/tests/php/AdminLicensesControllerTest.php" tests="6" assertions="33" errors="0" warnings="0" failures="0" skipped="0" time="0.897849">
        <testcase name="test_admin_can_create_and_list_licenses_via_rest" class="WpLicenseServer\Tests\AdminLicensesControllerTest" classname="WpLicenseServer.Tests.AdminLicensesControllerTest" file="/var/www/html/wordpress/wp-content/plugins/wp-license-server/tests/php/AdminLicensesControllerTest.php" line="63" assertions="11" time="0.153717"/>
        <testcase name="test_non_admin_cannot_create_license_via_rest" class="WpLicenseServer\Tests\AdminLicensesControllerTest" classname="WpLicenseServer.Tests.AdminLicensesControllerTest" file="/var/www/html/wordpress/wp-content/plugins/wp-license-server/tests/php/AdminLicensesControllerTest.php" line="100" assertions="1" time="0.141031"/>
        <testcase name="test_admin_can_deactivate_and_delete_via_rest" class="WpLicenseServer\Tests\AdminLicensesControllerTest" classname="WpLicenseServer.Tests.AdminLicensesControllerTest" file="/var/www/html/wordpress/wp-content/plugins/wp-license-server/tests/php/AdminLicensesControllerTest.php" line="117" assertions="6" time="0.150772"/>
        <testcase name="test_admin_can_update_license_role_and_details_via_rest" class="WpLicenseServer\Tests\AdminLicensesControllerTest" classname="WpLicenseServer.Tests.AdminLicensesControllerTest" file="/var/www/html/wordpress/wp-content/plugins/wp-license-server/tests/php/AdminLicensesControllerTest.php" line="148" assertions="8" time="0.154172"/>
        <testcase name="test_admin_rest_rejects_creating_second_owner" class="WpLicenseServer\Tests\AdminLicensesControllerTest" classname="WpLicenseServer.Tests.AdminLicensesControllerTest" file="/var/www/html/wordpress/wp-content/plugins/wp-license-server/tests/php/AdminLicensesControllerTest.php" line="193" assertions="3" time="0.154977"/>
        <testcase name="test_admin_rest_rejects_promoting_second_owner" class="WpLicenseServer\Tests\AdminLicensesControllerTest" classname="WpLicenseServer.Tests.AdminLicensesControllerTest" file="/var/www/html/wordpress/wp-content/plugins/wp-license-server/tests/php/AdminLicensesControllerTest.php" line="223" assertions="4" time="0.143180"/>
      </testsuite>
      <testsuite name="WpLicenseServer\Tests\AtomicActivationTest" file="/var/www/html/wordpress/wp-content/plugins/wp-license-server/tests/php/AtomicActivationTest.php" tests="7" assertions="31" errors="0" warnings="0" failures="0" skipped="0" time="0.944629">
        <testcase name="test_activation_limit_is_enforced_sequentially" class="WpLicenseServer\Tests\AtomicActivationTest" classname="WpLicenseServer.Tests.AtomicActivationTest" file="/var/www/html/wordpress/wp-content/plugins/wp-license-server/tests/php/AtomicActivationTest.php" line="86" assertions="6" time="0.138195"/>
        <testcase name="test_activation_count_never_exceeds_max" class="WpLicenseServer\Tests\AtomicActivationTest" classname="WpLicenseServer.Tests.AtomicActivationTest" file="/var/www/html/wordpress/wp-content/plugins/wp-license-server/tests/php/AtomicActivationTest.php" line="102" assertions="2" time="0.137327"/>
        <testcase name="test_race_attempt_is_logged_to_activity_log" class="WpLicenseServer\Tests\AtomicActivationTest" classname="WpLicenseServer.Tests.AtomicActivationTest" file="/var/www/html/wordpress/wp-content/plugins/wp-license-server/tests/php/AtomicActivationTest.php" line="127" assertions="5" time="0.132509"/>
        <testcase name="test_duplicate_domain_activation_returns_409" class="WpLicenseServer\Tests\AtomicActivationTest" classname="WpLicenseServer.Tests.AtomicActivationTest" file="/var/www/html/wordpress/wp-content/plugins/wp-license-server/tests/php/AtomicActivationTest.php" line="156" assertions="5" time="0.138964"/>
        <testcase name="test_successful_activation_returns_correct_shape" class="WpLicenseServer\Tests\AtomicActivationTest" classname="WpLicenseServer.Tests.AtomicActivationTest" file="/var/www/html/wordpress/wp-content/plugins/wp-license-server/tests/php/AtomicActivationTest.php" line="173" assertions="5" time="0.131294"/>
        <testcase name="test_single_site_license_blocks_second_domain" class="WpLicenseServer\Tests\AtomicActivationTest" classname="WpLicenseServer.Tests.AtomicActivationTest" file="/var/www/html/wordpress/wp-content/plugins/wp-license-server/tests/php/AtomicActivationTest.php" line="192" assertions="4" time="0.132108"/>
        <testcase name="test_deactivation_frees_seat_for_new_activation" class="WpLicenseServer\Tests\AtomicActivationTest" classname="WpLicenseServer.Tests.AtomicActivationTest" file="/var/www/html/wordpress/wp-content/plugins/wp-license-server/tests/php/AtomicActivationTest.php" line="208" assertions="4" time="0.134233"/>
      </testsuite>
      <testsuite name="WpLicenseServer\Tests\ChatServiceTest" file="/var/www/html/wordpress/wp-content/plugins/wp-license-server/tests/php/ChatServiceTest.php" tests="5" assertions="15" errors="0" warnings="0" failures="0" skipped="0" time="0.753490">
        <testcase name="test_archive_thread_marks_thread_closed" class="WpLicenseServer\Tests\ChatServiceTest" classname="WpLicenseServer.Tests.ChatServiceTest" file="/var/www/html/wordpress/wp-content/plugins/wp-license-server/tests/php/ChatServiceTest.php" line="83" assertions="3" time="0.146937"/>
        <testcase name="test_send_message_rejects_closed_thread" class="WpLicenseServer\Tests\ChatServiceTest" classname="WpLicenseServer.Tests.ChatServiceTest" file="/var/www/html/wordpress/wp-content/plugins/wp-license-server/tests/php/ChatServiceTest.php" line="97" assertions="2" time="0.144122"/>
        <testcase name="test_unarchive_thread_marks_thread_open" class="WpLicenseServer\Tests\ChatServiceTest" classname="WpLicenseServer.Tests.ChatServiceTest" file="/var/www/html/wordpress/wp-content/plugins/wp-license-server/tests/php/ChatServiceTest.php" line="111" assertions="3" time="0.148906"/>
        <testcase name="test_delete_thread_removes_thread_and_messages_for_owner" class="WpLicenseServer\Tests\ChatServiceTest" classname="WpLicenseServer.Tests.ChatServiceTest" file="/var/www/html/wordpress/wp-content/plugins/wp-license-server/tests/php/ChatServiceTest.php" line="126" assertions="5" time="0.162339"/>
        <testcase name="test_delete_thread_requires_owner_role" class="WpLicenseServer\Tests\ChatServiceTest" classname="WpLicenseServer.Tests.ChatServiceTest" file="/var/www/html/wordpress/wp-content/plugins/wp-license-server/tests/php/ChatServiceTest.php" line="143" assertions="2" time="0.151187"/>
      </testsuite>
      <testsuite name="WpLicenseServer\Tests\EncryptionServiceTest" file="/var/www/html/wordpress/wp-content/plugins/wp-license-server/tests/php/EncryptionServiceTest.php" tests="13" assertions="23" errors="0" warnings="0" failures="0" skipped="0" time="0.259153">
        <testcase name="test_round_trip_returns_original_plaintext" class="WpLicenseServer\Tests\EncryptionServiceTest" classname="WpLicenseServer.Tests.EncryptionServiceTest" file="/var/www/html/wordpress/wp-content/plugins/wp-license-server/tests/php/EncryptionServiceTest.php" line="28" assertions="1" time="0.000495"/>
        <testcase name="test_encrypted_value_differs_from_plaintext" class="WpLicenseServer\Tests\EncryptionServiceTest" classname="WpLicenseServer.Tests.EncryptionServiceTest" file="/var/www/html/wordpress/wp-content/plugins/wp-license-server/tests/php/EncryptionServiceTest.php" line="36" assertions="1" time="0.000333"/>
        <testcase name="test_same_plaintext_produces_different_ciphertexts" class="WpLicenseServer\Tests\EncryptionServiceTest" classname="WpLicenseServer.Tests.EncryptionServiceTest" file="/var/www/html/wordpress/wp-content/plugins/wp-license-server/tests/php/EncryptionServiceTest.php" line="43" assertions="3" time="0.000330"/>
        <testcase name="test_is_encrypted_returns_true_for_encrypted_value" class="WpLicenseServer\Tests\EncryptionServiceTest" classname="WpLicenseServer.Tests.EncryptionServiceTest" file="/var/www/html/wordpress/wp-content/plugins/wp-license-server/tests/php/EncryptionServiceTest.php" line="53" assertions="1" time="0.000312"/>
        <testcase name="test_is_encrypted_returns_false_for_plaintext_hex_key" class="WpLicenseServer\Tests\EncryptionServiceTest" classname="WpLicenseServer.Tests.EncryptionServiceTest" file="/var/www/html/wordpress/wp-content/plugins/wp-license-server/tests/php/EncryptionServiceTest.php" line="58" assertions="1" time="0.000305"/>
        <testcase name="test_is_encrypted_returns_false_for_short_string" class="WpLicenseServer\Tests\EncryptionServiceTest" classname="WpLicenseServer.Tests.EncryptionServiceTest" file="/var/www/html/wordpress/wp-content/plugins/wp-license-server/tests/php/EncryptionServiceTest.php" line="63" assertions="1" time="0.000318"/>
        <testcase name="test_is_encrypted_returns_false_for_empty_string" class="WpLicenseServer\Tests\EncryptionServiceTest" classname="WpLicenseServer.Tests.EncryptionServiceTest" file="/var/www/html/wordpress/wp-content/plugins/wp-license-server/tests/php/EncryptionServiceTest.php" line="67" assertions="1" time="0.000338"/>
        <testcase name="test_decrypt_rejects_tampered_ciphertext" class="WpLicenseServer\Tests\EncryptionServiceTest" classname="WpLicenseServer.Tests.EncryptionServiceTest" file="/var/www/html/wordpress/wp-content/plugins/wp-license-server/tests/php/EncryptionServiceTest.php" line="71" assertions="2" time="0.000607"/>
        <testcase name="test_decrypt_rejects_invalid_base64" class="WpLicenseServer\Tests\EncryptionServiceTest" classname="WpLicenseServer.Tests.EncryptionServiceTest" file="/var/www/html/wordpress/wp-content/plugins/wp-license-server/tests/php/EncryptionServiceTest.php" line="83" assertions="2" time="0.000316"/>
        <testcase name="test_decrypt_rejects_unknown_version" class="WpLicenseServer\Tests\EncryptionServiceTest" classname="WpLicenseServer.Tests.EncryptionServiceTest" file="/var/www/html/wordpress/wp-content/plugins/wp-license-server/tests/php/EncryptionServiceTest.php" line="89" assertions="2" time="0.000319"/>
        <testcase name="test_version_byte_is_0x01" class="WpLicenseServer\Tests\EncryptionServiceTest" classname="WpLicenseServer.Tests.EncryptionServiceTest" file="/var/www/html/wordpress/wp-content/plugins/wp-license-server/tests/php/EncryptionServiceTest.php" line="99" assertions="1" time="0.000304"/>
        <testcase name="test_license_key_stored_encrypted_in_database" class="WpLicenseServer\Tests\EncryptionServiceTest" classname="WpLicenseServer.Tests.EncryptionServiceTest" file="/var/www/html/wordpress/wp-content/plugins/wp-license-server/tests/php/EncryptionServiceTest.php" line="110" assertions="5" time="0.127147"/>
        <testcase name="test_migration_is_idempotent" class="WpLicenseServer\Tests\EncryptionServiceTest" classname="WpLicenseServer.Tests.EncryptionServiceTest" file="/var/www/html/wordpress/wp-content/plugins/wp-license-server/tests/php/EncryptionServiceTest.php" line="142" assertions="2" time="0.128030"/>
      </testsuite>
      <testsuite name="WpLicenseServer\Tests\FeatureGateTest" file="/var/www/html/wordpress/wp-content/plugins/wp-license-server/tests/php/FeatureGateTest.php" tests="10" assertions="20" errors="0" warnings="0" failures="0" skipped="0" time="1.219873">
        <testcase name="test_basic_tier_is_denied_chat" class="WpLicenseServer\Tests\FeatureGateTest" classname="WpLicenseServer.Tests.FeatureGateTest" file="/var/www/html/wordpress/wp-content/plugins/wp-license-server/tests/php/FeatureGateTest.php" line="61" assertions="1" time="0.131448"/>
        <testcase name="test_basic_tier_returns_403_status" class="WpLicenseServer\Tests\FeatureGateTest" classname="WpLicenseServer.Tests.FeatureGateTest" file="/var/www/html/wordpress/wp-content/plugins/wp-license-server/tests/php/FeatureGateTest.php" line="68" assertions="3" time="0.130285"/>
        <testcase name="test_403_message_contains_feature_name" class="WpLicenseServer\Tests\FeatureGateTest" classname="WpLicenseServer.Tests.FeatureGateTest" file="/var/www/html/wordpress/wp-content/plugins/wp-license-server/tests/php/FeatureGateTest.php" line="78" assertions="2" time="0.125149"/>
        <testcase name="test_403_message_contains_tier_name" class="WpLicenseServer\Tests\FeatureGateTest" classname="WpLicenseServer.Tests.FeatureGateTest" file="/var/www/html/wordpress/wp-content/plugins/wp-license-server/tests/php/FeatureGateTest.php" line="86" assertions="2" time="0.121320"/>
        <testcase name="test_403_error_code_is_feature_not_available" class="WpLicenseServer\Tests\FeatureGateTest" classname="WpLicenseServer.Tests.FeatureGateTest" file="/var/www/html/wordpress/wp-content/plugins/wp-license-server/tests/php/FeatureGateTest.php" line="94" assertions="2" time="0.121355"/>
        <testcase name="test_pro_tier_is_allowed_chat" class="WpLicenseServer\Tests\FeatureGateTest" classname="WpLicenseServer.Tests.FeatureGateTest" file="/var/www/html/wordpress/wp-content/plugins/wp-license-server/tests/php/FeatureGateTest.php" line="106" assertions="1" time="0.118252"/>
        <testcase name="test_agency_tier_is_allowed_chat" class="WpLicenseServer\Tests\FeatureGateTest" classname="WpLicenseServer.Tests.FeatureGateTest" file="/var/www/html/wordpress/wp-content/plugins/wp-license-server/tests/php/FeatureGateTest.php" line="113" assertions="1" time="0.118225"/>
        <testcase name="test_route_features_map_chat_routes_to_chat" class="WpLicenseServer\Tests\FeatureGateTest" classname="WpLicenseServer.Tests.FeatureGateTest" file="/var/www/html/wordpress/wp-content/plugins/wp-license-server/tests/php/FeatureGateTest.php" line="124" assertions="6" time="0.120468"/>
        <testcase name="test_basic_tier_does_not_include_chat_feature" class="WpLicenseServer\Tests\FeatureGateTest" classname="WpLicenseServer.Tests.FeatureGateTest" file="/var/www/html/wordpress/wp-content/plugins/wp-license-server/tests/php/FeatureGateTest.php" line="133" assertions="1" time="0.116880"/>
        <testcase name="test_pro_tier_includes_chat_feature" class="WpLicenseServer\Tests\FeatureGateTest" classname="WpLicenseServer.Tests.FeatureGateTest" file="/var/www/html/wordpress/wp-content/plugins/wp-license-server/tests/php/FeatureGateTest.php" line="138" assertions="1" time="0.116490"/>
      </testsuite>
      <testsuite name="WpLicenseServer\Tests\HmacVerifierTest" file="/var/www/html/wordpress/wp-content/plugins/wp-license-server/tests/php/HmacVerifierTest.php" tests="6" assertions="12" errors="0" warnings="0" failures="0" skipped="0" time="0.710800">
        <testcase name="test_valid_signature_passes_verification" class="WpLicenseServer\Tests\HmacVerifierTest" classname="WpLicenseServer.Tests.HmacVerifierTest" file="/var/www/html/wordpress/wp-content/plugins/wp-license-server/tests/php/HmacVerifierTest.php" line="73" assertions="2" time="0.121197"/>
        <testcase name="test_tampered_body_returns_wp_error" class="WpLicenseServer\Tests\HmacVerifierTest" classname="WpLicenseServer.Tests.HmacVerifierTest" file="/var/www/html/wordpress/wp-content/plugins/wp-license-server/tests/php/HmacVerifierTest.php" line="92" assertions="2" time="0.116503"/>
        <testcase name="test_expired_timestamp_returns_wp_error" class="WpLicenseServer\Tests\HmacVerifierTest" classname="WpLicenseServer.Tests.HmacVerifierTest" file="/var/www/html/wordpress/wp-content/plugins/wp-license-server/tests/php/HmacVerifierTest.php" line="115" assertions="2" time="0.117926"/>
        <testcase name="test_future_timestamp_beyond_skew_returns_wp_error" class="WpLicenseServer\Tests\HmacVerifierTest" classname="WpLicenseServer.Tests.HmacVerifierTest" file="/var/www/html/wordpress/wp-content/plugins/wp-license-server/tests/php/HmacVerifierTest.php" line="135" assertions="2" time="0.117942"/>
        <testcase name="test_missing_header_returns_wp_error" class="WpLicenseServer\Tests\HmacVerifierTest" classname="WpLicenseServer.Tests.HmacVerifierTest" file="/var/www/html/wordpress/wp-content/plugins/wp-license-server/tests/php/HmacVerifierTest.php" line="155" assertions="2" time="0.118256"/>
        <testcase name="test_unknown_key_prefix_returns_wp_error" class="WpLicenseServer\Tests\HmacVerifierTest" classname="WpLicenseServer.Tests.HmacVerifierTest" file="/var/www/html/wordpress/wp-content/plugins/wp-license-server/tests/php/HmacVerifierTest.php" line="165" assertions="2" time="0.118976"/>
      </testsuite>
      <testsuite name="WpLicenseServer\Tests\KeyDerivationTest" file="/var/www/html/wordpress/wp-content/plugins/wp-license-server/tests/php/KeyDerivationTest.php" tests="11" assertions="15" errors="0" warnings="0" failures="0" skipped="0" time="1.339651">
        <testcase name="test_derive_signing_key_is_deterministic" class="WpLicenseServer\Tests\KeyDerivationTest" classname="WpLicenseServer.Tests.KeyDerivationTest" file="/var/www/html/wordpress/wp-content/plugins/wp-license-server/tests/php/KeyDerivationTest.php" line="44" assertions="1" time="0.122636"/>
        <testcase name="test_derive_webhook_key_is_deterministic" class="WpLicenseServer\Tests\KeyDerivationTest" classname="WpLicenseServer.Tests.KeyDerivationTest" file="/var/www/html/wordpress/wp-content/plugins/wp-license-server/tests/php/KeyDerivationTest.php" line="54" assertions="1" time="0.116542"/>
        <testcase name="test_signing_key_differs_from_webhook_key" class="WpLicenseServer\Tests\KeyDerivationTest" classname="WpLicenseServer.Tests.KeyDerivationTest" file="/var/www/html/wordpress/wp-content/plugins/wp-license-server/tests/php/KeyDerivationTest.php" line="64" assertions="1" time="0.119350"/>
        <testcase name="test_derived_keys_differ_from_input" class="WpLicenseServer\Tests\KeyDerivationTest" classname="WpLicenseServer.Tests.KeyDerivationTest" file="/var/www/html/wordpress/wp-content/plugins/wp-license-server/tests/php/KeyDerivationTest.php" line="74" assertions="2" time="0.122005"/>
        <testcase name="test_different_inputs_produce_different_signing_keys" class="WpLicenseServer\Tests\KeyDerivationTest" classname="WpLicenseServer.Tests.KeyDerivationTest" file="/var/www/html/wordpress/wp-content/plugins/wp-license-server/tests/php/KeyDerivationTest.php" line="81" assertions="1" time="0.124541"/>
        <testcase name="test_derived_signing_key_is_32_bytes" class="WpLicenseServer\Tests\KeyDerivationTest" classname="WpLicenseServer.Tests.KeyDerivationTest" file="/var/www/html/wordpress/wp-content/plugins/wp-license-server/tests/php/KeyDerivationTest.php" line="91" assertions="1" time="0.121516"/>
        <testcase name="test_derived_webhook_key_is_32_bytes" class="WpLicenseServer\Tests\KeyDerivationTest" classname="WpLicenseServer.Tests.KeyDerivationTest" file="/var/www/html/wordpress/wp-content/plugins/wp-license-server/tests/php/KeyDerivationTest.php" line="96" assertions="1" time="0.123050"/>
        <testcase name="test_info_constants_are_distinct" class="WpLicenseServer\Tests\KeyDerivationTest" classname="WpLicenseServer.Tests.KeyDerivationTest" file="/var/www/html/wordpress/wp-content/plugins/wp-license-server/tests/php/KeyDerivationTest.php" line="101" assertions="1" time="0.121745"/>
        <testcase name="test_request_signed_with_raw_key_is_rejected" class="WpLicenseServer\Tests\KeyDerivationTest" classname="WpLicenseServer.Tests.KeyDerivationTest" file="/var/www/html/wordpress/wp-content/plugins/wp-license-server/tests/php/KeyDerivationTest.php" line="114" assertions="2" time="0.122539"/>
        <testcase name="test_request_signed_with_derived_key_is_accepted" class="WpLicenseServer\Tests\KeyDerivationTest" classname="WpLicenseServer.Tests.KeyDerivationTest" file="/var/www/html/wordpress/wp-content/plugins/wp-license-server/tests/php/KeyDerivationTest.php" line="151" assertions="2" time="0.125632"/>
        <testcase name="test_request_signed_with_webhook_key_is_rejected" class="WpLicenseServer\Tests\KeyDerivationTest" classname="WpLicenseServer.Tests.KeyDerivationTest" file="/var/www/html/wordpress/wp-content/plugins/wp-license-server/tests/php/KeyDerivationTest.php" line="188" assertions="2" time="0.120094"/>
      </testsuite>
      <testsuite name="WpLicenseServer\Tests\KeyRotationTest" file="/var/www/html/wordpress/wp-content/plugins/wp-license-server/tests/php/KeyRotationTest.php" tests="11" assertions="29" errors="0" warnings="0" failures="0" skipped="0" time="1.526372">
        <testcase name="test_rotate_key_returns_new_key" class="WpLicenseServer\Tests\KeyRotationTest" classname="WpLicenseServer.Tests.KeyRotationTest" file="/var/www/html/wordpress/wp-content/plugins/wp-license-server/tests/php/KeyRotationTest.php" line="105" assertions="8" time="0.135920"/>
        <testcase name="test_hmac_with_new_key_succeeds_immediately" class="WpLicenseServer\Tests\KeyRotationTest" classname="WpLicenseServer.Tests.KeyRotationTest" file="/var/www/html/wordpress/wp-content/plugins/wp-license-server/tests/php/KeyRotationTest.php" line="120" assertions="2" time="0.140367"/>
        <testcase name="test_hmac_with_old_key_succeeds_during_transition" class="WpLicenseServer\Tests\KeyRotationTest" classname="WpLicenseServer.Tests.KeyRotationTest" file="/var/www/html/wordpress/wp-content/plugins/wp-license-server/tests/php/KeyRotationTest.php" line="131" assertions="2" time="0.136368"/>
        <testcase name="test_old_key_is_invalid_after_transition_expires" class="WpLicenseServer\Tests\KeyRotationTest" classname="WpLicenseServer.Tests.KeyRotationTest" file="/var/www/html/wordpress/wp-content/plugins/wp-license-server/tests/php/KeyRotationTest.php" line="146" assertions="1" time="0.137310"/>
        <testcase name="test_webhook_queued_on_rotation" class="WpLicenseServer\Tests\KeyRotationTest" classname="WpLicenseServer.Tests.KeyRotationTest" file="/var/www/html/wordpress/wp-content/plugins/wp-license-server/tests/php/KeyRotationTest.php" line="174" assertions="2" time="0.137621"/>
        <testcase name="test_rotation_blocked_while_in_progress" class="WpLicenseServer\Tests\KeyRotationTest" classname="WpLicenseServer.Tests.KeyRotationTest" file="/var/www/html/wordpress/wp-content/plugins/wp-license-server/tests/php/KeyRotationTest.php" line="198" assertions="3" time="0.139567"/>
        <testcase name="test_rotation_allowed_after_previous_transition_expires" class="WpLicenseServer\Tests\KeyRotationTest" classname="WpLicenseServer.Tests.KeyRotationTest" file="/var/www/html/wordpress/wp-content/plugins/wp-license-server/tests/php/KeyRotationTest.php" line="209" assertions="3" time="0.137357"/>
        <testcase name="test_rotation_not_found_returns_wp_error" class="WpLicenseServer\Tests\KeyRotationTest" classname="WpLicenseServer.Tests.KeyRotationTest" file="/var/www/html/wordpress/wp-content/plugins/wp-license-server/tests/php/KeyRotationTest.php" line="233" assertions="2" time="0.137813"/>
        <testcase name="test_rotation_is_logged_to_activity" class="WpLicenseServer\Tests\KeyRotationTest" classname="WpLicenseServer.Tests.KeyRotationTest" file="/var/www/html/wordpress/wp-content/plugins/wp-license-server/tests/php/KeyRotationTest.php" line="240" assertions="2" time="0.144225"/>
        <testcase name="test_cleanup_logs_rotation_completed" class="WpLicenseServer\Tests\KeyRotationTest" classname="WpLicenseServer.Tests.KeyRotationTest" file="/var/www/html/wordpress/wp-content/plugins/wp-license-server/tests/php/KeyRotationTest.php" line="257" assertions="1" time="0.143611"/>
        <testcase name="test_key_version_increments_with_each_rotation" class="WpLicenseServer\Tests\KeyRotationTest" classname="WpLicenseServer.Tests.KeyRotationTest" file="/var/www/html/wordpress/wp-content/plugins/wp-license-server/tests/php/KeyRotationTest.php" line="283" assertions="3" time="0.136212"/>
      </testsuite>
      <testsuite name="WpLicenseServer\Tests\LicenseRepositoryTest" file="/var/www/html/wordpress/wp-content/plugins/wp-license-server/tests/php/LicenseRepositoryTest.php" tests="10" assertions="20" errors="0" warnings="0" failures="0" skipped="0" time="1.193964">
        <testcase name="test_create_generates_64_char_key" class="WpLicenseServer\Tests\LicenseRepositoryTest" classname="WpLicenseServer.Tests.LicenseRepositoryTest" file="/var/www/html/wordpress/wp-content/plugins/wp-license-server/tests/php/LicenseRepositoryTest.php" line="33" assertions="2" time="0.119487"/>
        <testcase name="test_create_sets_key_prefix_to_first_8_chars" class="WpLicenseServer\Tests\LicenseRepositoryTest" classname="WpLicenseServer.Tests.LicenseRepositoryTest" file="/var/www/html/wordpress/wp-content/plugins/wp-license-server/tests/php/LicenseRepositoryTest.php" line="45" assertions="2" time="0.119001"/>
        <testcase name="test_find_by_key_prefix_returns_correct_license" class="WpLicenseServer\Tests\LicenseRepositoryTest" classname="WpLicenseServer.Tests.LicenseRepositoryTest" file="/var/www/html/wordpress/wp-content/plugins/wp-license-server/tests/php/LicenseRepositoryTest.php" line="57" assertions="3" time="0.118418"/>
        <testcase name="test_find_by_key_prefix_returns_null_for_unknown" class="WpLicenseServer\Tests\LicenseRepositoryTest" classname="WpLicenseServer.Tests.LicenseRepositoryTest" file="/var/www/html/wordpress/wp-content/plugins/wp-license-server/tests/php/LicenseRepositoryTest.php" line="72" assertions="1" time="0.120987"/>
        <testcase name="test_find_all_returns_all_when_no_status_filter" class="WpLicenseServer\Tests\LicenseRepositoryTest" classname="WpLicenseServer.Tests.LicenseRepositoryTest" file="/var/www/html/wordpress/wp-content/plugins/wp-license-server/tests/php/LicenseRepositoryTest.php" line="77" assertions="1" time="0.119145"/>
        <testcase name="test_find_all_filters_by_status" class="WpLicenseServer\Tests\LicenseRepositoryTest" classname="WpLicenseServer.Tests.LicenseRepositoryTest" file="/var/www/html/wordpress/wp-content/plugins/wp-license-server/tests/php/LicenseRepositoryTest.php" line="95" assertions="2" time="0.122875"/>
        <testcase name="test_update_status_changes_status" class="WpLicenseServer\Tests\LicenseRepositoryTest" classname="WpLicenseServer.Tests.LicenseRepositoryTest" file="/var/www/html/wordpress/wp-content/plugins/wp-license-server/tests/php/LicenseRepositoryTest.php" line="112" assertions="3" time="0.121826"/>
        <testcase name="test_find_by_key_prefix_returns_wp_error_on_corrupt_ciphertext" class="WpLicenseServer\Tests\LicenseRepositoryTest" classname="WpLicenseServer.Tests.LicenseRepositoryTest" file="/var/www/html/wordpress/wp-content/plugins/wp-license-server/tests/php/LicenseRepositoryTest.php" line="129" assertions="2" time="0.116243"/>
        <testcase name="test_find_by_id_returns_wp_error_on_corrupt_ciphertext" class="WpLicenseServer\Tests\LicenseRepositoryTest" classname="WpLicenseServer.Tests.LicenseRepositoryTest" file="/var/www/html/wordpress/wp-content/plugins/wp-license-server/tests/php/LicenseRepositoryTest.php" line="157" assertions="2" time="0.118089"/>
        <testcase name="test_find_all_filters_out_corrupt_rows" class="WpLicenseServer\Tests\LicenseRepositoryTest" classname="WpLicenseServer.Tests.LicenseRepositoryTest" file="/var/www/html/wordpress/wp-content/plugins/wp-license-server/tests/php/LicenseRepositoryTest.php" line="183" assertions="2" time="0.117894"/>
      </testsuite>
      <testsuite name="WpLicenseServer\Tests\LicenseServiceTest" file="/var/www/html/wordpress/wp-content/plugins/wp-license-server/tests/php/LicenseServiceTest.php" tests="24" assertions="89" errors="0" warnings="0" failures="0" skipped="0" time="3.184463">
        <testcase name="test_activate_returns_activated_status" class="WpLicenseServer\Tests\LicenseServiceTest" classname="WpLicenseServer.Tests.LicenseServiceTest" file="/var/www/html/wordpress/wp-content/plugins/wp-license-server/tests/php/LicenseServiceTest.php" line="69" assertions="6" time="0.130973"/>
        <testcase name="test_activate_at_limit_returns_wp_error" class="WpLicenseServer\Tests\LicenseServiceTest" classname="WpLicenseServer.Tests.LicenseServiceTest" file="/var/www/html/wordpress/wp-content/plugins/wp-license-server/tests/php/LicenseServiceTest.php" line="82" assertions="3" time="0.130884"/>
        <testcase name="test_activate_expired_license_returns_wp_error" class="WpLicenseServer\Tests\LicenseServiceTest" classname="WpLicenseServer.Tests.LicenseServiceTest" file="/var/www/html/wordpress/wp-content/plugins/wp-license-server/tests/php/LicenseServiceTest.php" line="96" assertions="2" time="0.127375"/>
        <testcase name="test_activate_allows_local_domain" class="WpLicenseServer\Tests\LicenseServiceTest" classname="WpLicenseServer.Tests.LicenseServiceTest" file="/var/www/html/wordpress/wp-content/plugins/wp-license-server/tests/php/LicenseServiceTest.php" line="106" assertions="2" time="0.129474"/>
        <testcase name="test_activate_allows_private_ip_domain" class="WpLicenseServer\Tests\LicenseServiceTest" classname="WpLicenseServer.Tests.LicenseServiceTest" file="/var/www/html/wordpress/wp-content/plugins/wp-license-server/tests/php/LicenseServiceTest.php" line="115" assertions="2" time="0.134464"/>
        <testcase name="test_validate_updates_heartbeat_timestamp" class="WpLicenseServer\Tests\LicenseServiceTest" classname="WpLicenseServer.Tests.LicenseServiceTest" file="/var/www/html/wordpress/wp-content/plugins/wp-license-server/tests/php/LicenseServiceTest.php" line="124" assertions="6" time="0.135858"/>
        <testcase name="test_validate_expired_within_grace_returns_grace_data" class="WpLicenseServer\Tests\LicenseServiceTest" classname="WpLicenseServer.Tests.LicenseServiceTest" file="/var/www/html/wordpress/wp-content/plugins/wp-license-server/tests/php/LicenseServiceTest.php" line="147" assertions="8" time="0.130563"/>
        <testcase name="test_validate_backfills_missing_webhook_secret_for_legacy_activation" class="WpLicenseServer\Tests\LicenseServiceTest" classname="WpLicenseServer.Tests.LicenseServiceTest" file="/var/www/html/wordpress/wp-content/plugins/wp-license-server/tests/php/LicenseServiceTest.php" line="170" assertions="5" time="0.131972"/>
        <testcase name="test_deactivate_sets_deactivated_at" class="WpLicenseServer\Tests\LicenseServiceTest" classname="WpLicenseServer.Tests.LicenseServiceTest" file="/var/www/html/wordpress/wp-content/plugins/wp-license-server/tests/php/LicenseServiceTest.php" line="202" assertions="2" time="0.132322"/>
        <testcase name="test_activate_duplicate_domain_returns_wp_error" class="WpLicenseServer\Tests\LicenseServiceTest" classname="WpLicenseServer.Tests.LicenseServiceTest" file="/var/www/html/wordpress/wp-content/plugins/wp-license-server/tests/php/LicenseServiceTest.php" line="215" assertions="3" time="0.132029"/>
        <testcase name="test_update_changes_role_status_and_max_activations" class="WpLicenseServer\Tests\LicenseServiceTest" classname="WpLicenseServer.Tests.LicenseServiceTest" file="/var/www/html/wordpress/wp-content/plugins/wp-license-server/tests/php/LicenseServiceTest.php" line="226" assertions="8" time="0.129965"/>
        <testcase name="test_update_rejects_invalid_role" class="WpLicenseServer\Tests\LicenseServiceTest" classname="WpLicenseServer.Tests.LicenseServiceTest" file="/var/www/html/wordpress/wp-content/plugins/wp-license-server/tests/php/LicenseServiceTest.php" line="252" assertions="2" time="0.129057"/>
        <testcase name="test_create_rejects_second_owner_license" class="WpLicenseServer\Tests\LicenseServiceTest" classname="WpLicenseServer.Tests.LicenseServiceTest" file="/var/www/html/wordpress/wp-content/plugins/wp-license-server/tests/php/LicenseServiceTest.php" line="266" assertions="2" time="0.130294"/>
        <testcase name="test_update_rejects_promoting_second_owner_license" class="WpLicenseServer\Tests\LicenseServiceTest" classname="WpLicenseServer.Tests.LicenseServiceTest" file="/var/www/html/wordpress/wp-content/plugins/wp-license-server/tests/php/LicenseServiceTest.php" line="282" assertions="2" time="0.133791"/>
        <testcase name="test_update_allows_existing_owner_to_keep_owner_role" class="WpLicenseServer\Tests\LicenseServiceTest" classname="WpLicenseServer.Tests.LicenseServiceTest" file="/var/www/html/wordpress/wp-content/plugins/wp-license-server/tests/php/LicenseServiceTest.php" line="297" assertions="3" time="0.129677"/>
        <testcase name="test_update_rejects_active_license_with_past_expiry" class="WpLicenseServer\Tests\LicenseServiceTest" classname="WpLicenseServer.Tests.LicenseServiceTest" file="/var/www/html/wordpress/wp-content/plugins/wp-license-server/tests/php/LicenseServiceTest.php" line="313" assertions="2" time="0.130354"/>
        <testcase name="test_create_rejects_unsupported_payment_interval" class="WpLicenseServer\Tests\LicenseServiceTest" classname="WpLicenseServer.Tests.LicenseServiceTest" file="/var/www/html/wordpress/wp-content/plugins/wp-license-server/tests/php/LicenseServiceTest.php" line="328" assertions="2" time="0.135316"/>
        <testcase name="test_validate_returns_new_secret_different_from_previous" class="WpLicenseServer\Tests\LicenseServiceTest" classname="WpLicenseServer.Tests.LicenseServiceTest" file="/var/www/html/wordpress/wp-content/plugins/wp-license-server/tests/php/LicenseServiceTest.php" line="348" assertions="3" time="0.133981"/>
        <testcase name="test_old_webhook_secret_accepted_within_transition_window" class="WpLicenseServer\Tests\LicenseServiceTest" classname="WpLicenseServer.Tests.LicenseServiceTest" file="/var/www/html/wordpress/wp-content/plugins/wp-license-server/tests/php/LicenseServiceTest.php" line="365" assertions="8" time="0.134039"/>
        <testcase name="test_old_webhook_secret_rejected_after_transition_window" class="WpLicenseServer\Tests\LicenseServiceTest" classname="WpLicenseServer.Tests.LicenseServiceTest" file="/var/www/html/wordpress/wp-content/plugins/wp-license-server/tests/php/LicenseServiceTest.php" line="391" assertions="5" time="0.133704"/>
        <testcase name="test_stored_webhook_secret_is_encrypted_in_db" class="WpLicenseServer\Tests\LicenseServiceTest" classname="WpLicenseServer.Tests.LicenseServiceTest" file="/var/www/html/wordpress/wp-content/plugins/wp-license-server/tests/php/LicenseServiceTest.php" line="413" assertions="3" time="0.143563"/>
        <testcase name="test_stored_previous_webhook_secret_is_encrypted_in_db" class="WpLicenseServer\Tests\LicenseServiceTest" classname="WpLicenseServer.Tests.LicenseServiceTest" file="/var/www/html/wordpress/wp-content/plugins/wp-license-server/tests/php/LicenseServiceTest.php" line="435" assertions="5" time="0.138570"/>
        <testcase name="test_webhook_secret_version_increments_on_each_heartbeat" class="WpLicenseServer\Tests\LicenseServiceTest" classname="WpLicenseServer.Tests.LicenseServiceTest" file="/var/www/html/wordpress/wp-content/plugins/wp-license-server/tests/php/LicenseServiceTest.php" line="464" assertions="3" time="0.133172"/>
        <testcase name="test_create_normalizes_date_only_expiry_to_end_of_day" class="WpLicenseServer\Tests\LicenseServiceTest" classname="WpLicenseServer.Tests.LicenseServiceTest" file="/var/www/html/wordpress/wp-content/plugins/wp-license-server/tests/php/LicenseServiceTest.php" line="480" assertions="2" time="0.133065"/>
      </testsuite>
      <testsuite name="WpLicenseServer\Tests\LicenseSettingsServiceTest" file="/var/www/html/wordpress/wp-content/plugins/wp-license-server/tests/php/LicenseSettingsServiceTest.php" tests="6" assertions="25" errors="0" warnings="0" failures="0" skipped="0" time="0.853256">
        <testcase name="test_payload_returns_empty_masked_key_when_no_owner" class="WpLicenseServer\Tests\LicenseSettingsServiceTest" classname="WpLicenseServer.Tests.LicenseSettingsServiceTest" file="/var/www/html/wordpress/wp-content/plugins/wp-license-server/tests/php/LicenseSettingsServiceTest.php" line="55" assertions="2" time="0.140205"/>
        <testcase name="test_payload_masks_key_and_never_returns_full_key" class="WpLicenseServer\Tests\LicenseSettingsServiceTest" classname="WpLicenseServer.Tests.LicenseSettingsServiceTest" file="/var/www/html/wordpress/wp-content/plugins/wp-license-server/tests/php/LicenseSettingsServiceTest.php" line="62" assertions="10" time="0.140969"/>
        <testcase name="test_rest_settings_endpoint_requires_admin" class="WpLicenseServer\Tests\LicenseSettingsServiceTest" classname="WpLicenseServer.Tests.LicenseSettingsServiceTest" file="/var/www/html/wordpress/wp-content/plugins/wp-license-server/tests/php/LicenseSettingsServiceTest.php" line="113" assertions="1" time="0.146588"/>
        <testcase name="test_rest_settings_response_never_contains_full_key" class="WpLicenseServer\Tests\LicenseSettingsServiceTest" classname="WpLicenseServer.Tests.LicenseSettingsServiceTest" file="/var/www/html/wordpress/wp-content/plugins/wp-license-server/tests/php/LicenseSettingsServiceTest.php" line="122" assertions="8" time="0.145453"/>
        <testcase name="test_rest_settings_returns_empty_masked_key_when_no_owner" class="WpLicenseServer\Tests\LicenseSettingsServiceTest" classname="WpLicenseServer.Tests.LicenseSettingsServiceTest" file="/var/www/html/wordpress/wp-content/plugins/wp-license-server/tests/php/LicenseSettingsServiceTest.php" line="166" assertions="3" time="0.140842"/>
        <testcase name="test_get_decrypted_license_key_returns_null_when_no_owner" class="WpLicenseServer\Tests\LicenseSettingsServiceTest" classname="WpLicenseServer.Tests.LicenseSettingsServiceTest" file="/var/www/html/wordpress/wp-content/plugins/wp-license-server/tests/php/LicenseSettingsServiceTest.php" line="178" assertions="1" time="0.139200"/>
      </testsuite>
      <testsuite name="WpLicenseServer\Tests\LicenseStateMachineTest" file="/var/www/html/wordpress/wp-content/plugins/wp-license-server/tests/php/LicenseStateMachineTest.php" tests="7" assertions="16" errors="0" warnings="0" failures="0" skipped="0" time="0.002209">
        <testcase name="test_active_when_valid_until_is_in_the_future" class="WpLicenseServer\Tests\LicenseStateMachineTest" classname="WpLicenseServer.Tests.LicenseStateMachineTest" file="/var/www/html/wordpress/wp-content/plugins/wp-license-server/tests/php/LicenseStateMachineTest.php" line="60" assertions="2" time="0.000496"/>
        <testcase name="test_grace_when_past_valid_until_but_within_grace_days" class="WpLicenseServer\Tests\LicenseStateMachineTest" classname="WpLicenseServer.Tests.LicenseStateMachineTest" file="/var/www/html/wordpress/wp-content/plugins/wp-license-server/tests/php/LicenseStateMachineTest.php" line="72" assertions="2" time="0.000386"/>
        <testcase name="test_expired_when_past_grace_deadline" class="WpLicenseServer\Tests\LicenseStateMachineTest" classname="WpLicenseServer.Tests.LicenseStateMachineTest" file="/var/www/html/wordpress/wp-content/plugins/wp-license-server/tests/php/LicenseStateMachineTest.php" line="86" assertions="2" time="0.000312"/>
        <testcase name="test_cancelled_regardless_of_future_valid_until" class="WpLicenseServer\Tests\LicenseStateMachineTest" classname="WpLicenseServer.Tests.LicenseStateMachineTest" file="/var/www/html/wordpress/wp-content/plugins/wp-license-server/tests/php/LicenseStateMachineTest.php" line="100" assertions="2" time="0.000258"/>
        <testcase name="test_suspended_regardless_of_future_valid_until" class="WpLicenseServer\Tests\LicenseStateMachineTest" classname="WpLicenseServer.Tests.LicenseStateMachineTest" file="/var/www/html/wordpress/wp-content/plugins/wp-license-server/tests/php/LicenseStateMachineTest.php" line="112" assertions="2" time="0.000247"/>
        <testcase name="test_grace_deadline_is_valid_until_plus_grace_days" class="WpLicenseServer\Tests\LicenseStateMachineTest" classname="WpLicenseServer.Tests.LicenseStateMachineTest" file="/var/www/html/wordpress/wp-content/plugins/wp-license-server/tests/php/LicenseStateMachineTest.php" line="124" assertions="1" time="0.000261"/>
        <testcase name="test_only_active_and_grace_are_usable" class="WpLicenseServer\Tests\LicenseStateMachineTest" classname="WpLicenseServer.Tests.LicenseStateMachineTest" file="/var/www/html/wordpress/wp-content/plugins/wp-license-server/tests/php/LicenseStateMachineTest.php" line="139" assertions="5" time="0.000248"/>
      </testsuite>
      <testsuite name="WpLicenseServer\Tests\LicenseTransitionTest" file="/var/www/html/wordpress/wp-content/plugins/wp-license-server/tests/php/LicenseTransitionTest.php" tests="21" assertions="40" errors="0" warnings="0" failures="0" skipped="0" time="2.578490">
        <testsuite name="WpLicenseServer\Tests\LicenseTransitionTest::test_allowed_transition_returns_true" tests="10" assertions="10" errors="0" warnings="0" failures="0" skipped="0" time="1.216596">
          <testcase name="test_allowed_transition_returns_true with data set &quot;active→expired&quot;" class="WpLicenseServer\Tests\LicenseTransitionTest" classname="WpLicenseServer.Tests.LicenseTransitionTest" file="/var/www/html/wordpress/wp-content/plugins/wp-license-server/tests/php/LicenseTransitionTest.php" line="56" assertions="1" time="0.120301"/>
          <testcase name="test_allowed_transition_returns_true with data set &quot;active→suspended&quot;" class="WpLicenseServer\Tests\LicenseTransitionTest" classname="WpLicenseServer.Tests.LicenseTransitionTest" file="/var/www/html/wordpress/wp-content/plugins/wp-license-server/tests/php/LicenseTransitionTest.php" line="56" assertions="1" time="0.124424"/>
          <testcase name="test_allowed_transition_returns_true with data set &quot;active→cancelled&quot;" class="WpLicenseServer\Tests\LicenseTransitionTest" classname="WpLicenseServer.Tests.LicenseTransitionTest" file="/var/www/html/wordpress/wp-content/plugins/wp-license-server/tests/php/LicenseTransitionTest.php" line="56" assertions="1" time="0.119752"/>
          <testcase name="test_allowed_transition_returns_true with data set &quot;expired→active&quot;" class="WpLicenseServer\Tests\LicenseTransitionTest" classname="WpLicenseServer.Tests.LicenseTransitionTest" file="/var/www/html/wordpress/wp-content/plugins/wp-license-server/tests/php/LicenseTransitionTest.php" line="56" assertions="1" time="0.120430"/>
          <testcase name="test_allowed_transition_returns_true with data set &quot;expired→cancelled&quot;" class="WpLicenseServer\Tests\LicenseTransitionTest" classname="WpLicenseServer.Tests.LicenseTransitionTest" file="/var/www/html/wordpress/wp-content/plugins/wp-license-server/tests/php/LicenseTransitionTest.php" line="56" assertions="1" time="0.121535"/>
          <testcase name="test_allowed_transition_returns_true with data set &quot;suspended→active&quot;" class="WpLicenseServer\Tests\LicenseTransitionTest" classname="WpLicenseServer.Tests.LicenseTransitionTest" file="/var/www/html/wordpress/wp-content/plugins/wp-license-server/tests/php/LicenseTransitionTest.php" line="56" assertions="1" time="0.120157"/>
          <testcase name="test_allowed_transition_returns_true with data set &quot;suspended→cancelled&quot;" class="WpLicenseServer\Tests\LicenseTransitionTest" classname="WpLicenseServer.Tests.LicenseTransitionTest" file="/var/www/html/wordpress/wp-content/plugins/wp-license-server/tests/php/LicenseTransitionTest.php" line="56" assertions="1" time="0.123526"/>
          <testcase name="test_allowed_transition_returns_true with data set &quot;pending→active&quot;" class="WpLicenseServer\Tests\LicenseTransitionTest" classname="WpLicenseServer.Tests.LicenseTransitionTest" file="/var/www/html/wordpress/wp-content/plugins/wp-license-server/tests/php/LicenseTransitionTest.php" line="56" assertions="1" time="0.120788"/>
          <testcase name="test_allowed_transition_returns_true with data set &quot;pending→cancelled&quot;" class="WpLicenseServer\Tests\LicenseTransitionTest" classname="WpLicenseServer.Tests.LicenseTransitionTest" file="/var/www/html/wordpress/wp-content/plugins/wp-license-server/tests/php/LicenseTransitionTest.php" line="56" assertions="1" time="0.123017"/>
          <testcase name="test_allowed_transition_returns_true with data set &quot;same status no-op&quot;" class="WpLicenseServer\Tests\LicenseTransitionTest" classname="WpLicenseServer.Tests.LicenseTransitionTest" file="/var/www/html/wordpress/wp-content/plugins/wp-license-server/tests/php/LicenseTransitionTest.php" line="56" assertions="1" time="0.122666"/>
        </testsuite>
        <testsuite name="WpLicenseServer\Tests\LicenseTransitionTest::test_blocked_transition_returns_wp_error" tests="7" assertions="21" errors="0" warnings="0" failures="0" skipped="0" time="0.861415">
          <testcase name="test_blocked_transition_returns_wp_error with data set &quot;cancelled→active&quot;" class="WpLicenseServer\Tests\LicenseTransitionTest" classname="WpLicenseServer.Tests.LicenseTransitionTest" file="/var/www/html/wordpress/wp-content/plugins/wp-license-server/tests/php/LicenseTransitionTest.php" line="78" assertions="3" time="0.122053"/>
          <testcase name="test_blocked_transition_returns_wp_error with data set &quot;cancelled→expired&quot;" class="WpLicenseServer\Tests\LicenseTransitionTest" classname="WpLicenseServer.Tests.LicenseTransitionTest" file="/var/www/html/wordpress/wp-content/plugins/wp-license-server/tests/php/LicenseTransitionTest.php" line="78" assertions="3" time="0.125269"/>
          <testcase name="test_blocked_transition_returns_wp_error with data set &quot;cancelled→suspended&quot;" class="WpLicenseServer\Tests\LicenseTransitionTest" classname="WpLicenseServer.Tests.LicenseTransitionTest" file="/var/www/html/wordpress/wp-content/plugins/wp-license-server/tests/php/LicenseTransitionTest.php" line="78" assertions="3" time="0.123303"/>
          <testcase name="test_blocked_transition_returns_wp_error with data set &quot;cancelled→pending&quot;" class="WpLicenseServer\Tests\LicenseTransitionTest" classname="WpLicenseServer.Tests.LicenseTransitionTest" file="/var/www/html/wordpress/wp-content/plugins/wp-license-server/tests/php/LicenseTransitionTest.php" line="78" assertions="3" time="0.122803"/>
          <testcase name="test_blocked_transition_returns_wp_error with data set &quot;expired→pending&quot;" class="WpLicenseServer\Tests\LicenseTransitionTest" classname="WpLicenseServer.Tests.LicenseTransitionTest" file="/var/www/html/wordpress/wp-content/plugins/wp-license-server/tests/php/LicenseTransitionTest.php" line="78" assertions="3" time="0.122889"/>
          <testcase name="test_blocked_transition_returns_wp_error with data set &quot;expired→suspended&quot;" class="WpLicenseServer\Tests\LicenseTransitionTest" classname="WpLicenseServer.Tests.LicenseTransitionTest" file="/var/www/html/wordpress/wp-content/plugins/wp-license-server/tests/php/LicenseTransitionTest.php" line="78" assertions="3" time="0.121957"/>
          <testcase name="test_blocked_transition_returns_wp_error with data set &quot;active→pending&quot;" class="WpLicenseServer\Tests\LicenseTransitionTest" classname="WpLicenseServer.Tests.LicenseTransitionTest" file="/var/www/html/wordpress/wp-content/plugins/wp-license-server/tests/php/LicenseTransitionTest.php" line="78" assertions="3" time="0.123142"/>
        </testsuite>
        <testcase name="test_active_to_expired_allowed_via_service" class="WpLicenseServer\Tests\LicenseTransitionTest" classname="WpLicenseServer.Tests.LicenseTransitionTest" file="/var/www/html/wordpress/wp-content/plugins/wp-license-server/tests/php/LicenseTransitionTest.php" line="103" assertions="2" time="0.128400"/>
        <testcase name="test_cancelled_to_active_returns_422_via_service" class="WpLicenseServer\Tests\LicenseTransitionTest" classname="WpLicenseServer.Tests.LicenseTransitionTest" file="/var/www/html/wordpress/wp-content/plugins/wp-license-server/tests/php/LicenseTransitionTest.php" line="116" assertions="3" time="0.123427"/>
        <testcase name="test_status_changed_activity_logged_on_transition" class="WpLicenseServer\Tests\LicenseTransitionTest" classname="WpLicenseServer.Tests.LicenseTransitionTest" file="/var/www/html/wordpress/wp-content/plugins/wp-license-server/tests/php/LicenseTransitionTest.php" line="135" assertions="3" time="0.123828"/>
        <testcase name="test_no_status_changed_log_when_status_unchanged" class="WpLicenseServer\Tests\LicenseTransitionTest" classname="WpLicenseServer.Tests.LicenseTransitionTest" file="/var/www/html/wordpress/wp-content/plugins/wp-license-server/tests/php/LicenseTransitionTest.php" line="162" assertions="1" time="0.124824"/>
      </testsuite>
      <testsuite name="WpLicenseServer\Tests\MigratorTest" file="/var/www/html/wordpress/wp-content/plugins/wp-license-server/tests/php/MigratorTest.php" tests="1" assertions="4" errors="0" warnings="0" failures="0" skipped="0" time="0.227418">
        <testcase name="test_maybe_upgrade_recreates_webhook_queue_when_db_version_is_old" class="WpLicenseServer\Tests\MigratorTest" classname="WpLicenseServer.Tests.MigratorTest" file="/var/www/html/wordpress/wp-content/plugins/wp-license-server/tests/php/MigratorTest.php" line="28" assertions="4" time="0.227418"/>
      </testsuite>
      <testsuite name="WpLicenseServer\Tests\NonceReplayTest" file="/var/www/html/wordpress/wp-content/plugins/wp-license-server/tests/php/NonceReplayTest.php" tests="5" assertions="8" errors="0" warnings="0" failures="0" skipped="0" time="0.639214">
        <testcase name="test_first_request_with_nonce_passes" class="WpLicenseServer\Tests\NonceReplayTest" classname="WpLicenseServer.Tests.NonceReplayTest" file="/var/www/html/wordpress/wp-content/plugins/wp-license-server/tests/php/NonceReplayTest.php" line="95" assertions="1" time="0.122575"/>
        <testcase name="test_replayed_nonce_returns_401" class="WpLicenseServer\Tests\NonceReplayTest" classname="WpLicenseServer.Tests.NonceReplayTest" file="/var/www/html/wordpress/wp-content/plugins/wp-license-server/tests/php/NonceReplayTest.php" line="106" assertions="3" time="0.127101"/>
        <testcase name="test_new_nonce_different_request_passes" class="WpLicenseServer\Tests\NonceReplayTest" classname="WpLicenseServer.Tests.NonceReplayTest" file="/var/www/html/wordpress/wp-content/plugins/wp-license-server/tests/php/NonceReplayTest.php" line="124" assertions="1" time="0.131483"/>
        <testcase name="test_missing_nonce_returns_401" class="WpLicenseServer\Tests\NonceReplayTest" classname="WpLicenseServer.Tests.NonceReplayTest" file="/var/www/html/wordpress/wp-content/plugins/wp-license-server/tests/php/NonceReplayTest.php" line="140" assertions="2" time="0.125023"/>
        <testcase name="test_same_nonce_different_clients_no_collision" class="WpLicenseServer\Tests\NonceReplayTest" classname="WpLicenseServer.Tests.NonceReplayTest" file="/var/www/html/wordpress/wp-content/plugins/wp-license-server/tests/php/NonceReplayTest.php" line="152" assertions="1" time="0.133032"/>
      </testsuite>
      <testsuite name="WpLicenseServer\Tests\NotificationServiceTest" file="/var/www/html/wordpress/wp-content/plugins/wp-license-server/tests/php/NotificationServiceTest.php" tests="5" assertions="8" errors="0" warnings="0" failures="0" skipped="0" time="0.674274">
        <testcase name="test_on_new_activation_fires_action_hook" class="WpLicenseServer\Tests\NotificationServiceTest" classname="WpLicenseServer.Tests.NotificationServiceTest" file="/var/www/html/wordpress/wp-content/plugins/wp-license-server/tests/php/NotificationServiceTest.php" line="50" assertions="1" time="0.138694"/>
        <testcase name="test_on_new_activation_queues_new_activation_webhook" class="WpLicenseServer\Tests\NotificationServiceTest" classname="WpLicenseServer.Tests.NotificationServiceTest" file="/var/www/html/wordpress/wp-content/plugins/wp-license-server/tests/php/NotificationServiceTest.php" line="70" assertions="2" time="0.134285"/>
        <testcase name="test_on_new_activation_webhook_is_deterministic" class="WpLicenseServer\Tests\NotificationServiceTest" classname="WpLicenseServer.Tests.NotificationServiceTest" file="/var/www/html/wordpress/wp-content/plugins/wp-license-server/tests/php/NotificationServiceTest.php" line="88" assertions="1" time="0.132022">
          <system-out>&lt;div id="error"&gt;&lt;p class="wpdberror"&gt;&lt;strong&gt;WordPress database error:&lt;/strong&gt; [Duplicate entry &amp;#039;824ee72b863e8ecc58911f22c6cd455181713e939217c9ce92bfe1a5869ceb6d&amp;#039; for key &amp;#039;unique_event_id&amp;#039;]&lt;br /&gt;&lt;code&gt;INSERT INTO `wptests_license_webhook_queue` (`license_id`, `domain`, `webhook_secret`, `event`, `event_id`, `payload`, `status`, `attempts`, `last_attempt`) VALUES (1, &amp;#039;test.example&amp;#039;, &amp;#039;62536faaa0f8f5aae3c1af7e372be06c&amp;#039;, &amp;#039;new_activation&amp;#039;, &amp;#039;824ee72b863e8ecc58911f22c6cd455181713e939217c9ce92bfe1a5869ceb6d&amp;#039;, &amp;#039;{\&amp;quot;license_key_prefix\&amp;quot;:\&amp;quot;e1377796\&amp;quot;,\&amp;quot;data\&amp;quot;:{\&amp;quot;license_id\&amp;quot;:1,\&amp;quot;domain\&amp;quot;:\&amp;quot;test.example\&amp;quot;,\&amp;quot;ip_address\&amp;quot;:\&amp;quot;127.0.0.1\&amp;quot;,\&amp;quot;activation_id\&amp;quot;:\&amp;quot;1\&amp;quot;,\&amp;quot;activated_at\&amp;quot;:\&amp;quot;2026-05-08T06:45:37+00:00\&amp;quot;}}&amp;#039;, &amp;#039;pending&amp;#039;, 0, NULL)&lt;/code&gt;&lt;/p&gt;&lt;/div&gt;</system-out>
        </testcase>
        <testcase name="test_on_new_activation_payload_includes_ip_address" class="WpLicenseServer\Tests\NotificationServiceTest" classname="WpLicenseServer.Tests.NotificationServiceTest" file="/var/www/html/wordpress/wp-content/plugins/wp-license-server/tests/php/NotificationServiceTest.php" line="102" assertions="3" time="0.138500"/>
        <testcase name="test_on_new_activation_skips_email_when_owner_email_is_invalid" class="WpLicenseServer\Tests\NotificationServiceTest" classname="WpLicenseServer.Tests.NotificationServiceTest" file="/var/www/html/wordpress/wp-content/plugins/wp-license-server/tests/php/NotificationServiceTest.php" line="124" assertions="1" time="0.130773"/>
      </testsuite>
      <testsuite name="WpLicenseServer\Tests\PluginTest" file="/var/www/html/wordpress/wp-content/plugins/wp-license-server/tests/php/PluginTest.php" tests="2" assertions="6" errors="0" warnings="0" failures="0" skipped="0" time="0.007809">
        <testcase name="test_init_registers_hooks_without_admin_page_constructor_errors" class="WpLicenseServer\Tests\PluginTest" classname="WpLicenseServer.Tests.PluginTest" file="/var/www/html/wordpress/wp-content/plugins/wp-license-server/tests/php/PluginTest.php" line="21" assertions="3" time="0.001015"/>
        <testcase name="test_init_registers_chat_archive_and_delete_routes" class="WpLicenseServer\Tests\PluginTest" classname="WpLicenseServer.Tests.PluginTest" file="/var/www/html/wordpress/wp-content/plugins/wp-license-server/tests/php/PluginTest.php" line="31" assertions="3" time="0.006794"/>
      </testsuite>
      <testsuite name="WpLicenseServer\Tests\RateLimiterTest" file="/var/www/html/wordpress/wp-content/plugins/wp-license-server/tests/php/RateLimiterTest.php" tests="5" assertions="17" errors="0" warnings="0" failures="0" skipped="0" time="0.023801">
        <testcase name="test_allows_requests_within_ip_limit" class="WpLicenseServer\Tests\RateLimiterTest" classname="WpLicenseServer.Tests.RateLimiterTest" file="/var/www/html/wordpress/wp-content/plugins/wp-license-server/tests/php/RateLimiterTest.php" line="32" assertions="10" time="0.002623"/>
        <testcase name="test_blocks_request_after_ip_threshold" class="WpLicenseServer\Tests\RateLimiterTest" classname="WpLicenseServer.Tests.RateLimiterTest" file="/var/www/html/wordpress/wp-content/plugins/wp-license-server/tests/php/RateLimiterTest.php" line="39" assertions="2" time="0.002607"/>
        <testcase name="test_blocks_request_after_key_prefix_threshold" class="WpLicenseServer\Tests\RateLimiterTest" classname="WpLicenseServer.Tests.RateLimiterTest" file="/var/www/html/wordpress/wp-content/plugins/wp-license-server/tests/php/RateLimiterTest.php" line="51" assertions="2" time="0.004377"/>
        <testcase name="test_record_invalid_key_fires_action_at_threshold" class="WpLicenseServer\Tests\RateLimiterTest" classname="WpLicenseServer.Tests.RateLimiterTest" file="/var/www/html/wordpress/wp-content/plugins/wp-license-server/tests/php/RateLimiterTest.php" line="65" assertions="2" time="0.011268"/>
        <testcase name="test_separate_endpoints_have_independent_limits" class="WpLicenseServer\Tests\RateLimiterTest" classname="WpLicenseServer.Tests.RateLimiterTest" file="/var/www/html/wordpress/wp-content/plugins/wp-license-server/tests/php/RateLimiterTest.php" line="82" assertions="1" time="0.002927"/>
      </testsuite>
      <testsuite name="WpLicenseServer\Tests\ReactivationTest" file="/var/www/html/wordpress/wp-content/plugins/wp-license-server/tests/php/ReactivationTest.php" tests="4" assertions="20" errors="0" warnings="0" failures="0" skipped="0" time="0.538245">
        <testcase name="test_same_domain_can_be_reactivated_after_deactivation" class="WpLicenseServer\Tests\ReactivationTest" classname="WpLicenseServer.Tests.ReactivationTest" file="/var/www/html/wordpress/wp-content/plugins/wp-license-server/tests/php/ReactivationTest.php" line="89" assertions="6" time="0.131215"/>
        <testcase name="test_multiple_reactivation_cycles_on_same_domain" class="WpLicenseServer\Tests\ReactivationTest" classname="WpLicenseServer.Tests.ReactivationTest" file="/var/www/html/wordpress/wp-content/plugins/wp-license-server/tests/php/ReactivationTest.php" line="115" assertions="7" time="0.140869"/>
        <testcase name="test_reactivation_does_not_consume_extra_seat" class="WpLicenseServer\Tests\ReactivationTest" classname="WpLicenseServer.Tests.ReactivationTest" file="/var/www/html/wordpress/wp-content/plugins/wp-license-server/tests/php/ReactivationTest.php" line="139" assertions="2" time="0.136862"/>
        <testcase name="test_duplicate_live_activation_still_returns_already_activated" class="WpLicenseServer\Tests\ReactivationTest" classname="WpLicenseServer.Tests.ReactivationTest" file="/var/www/html/wordpress/wp-content/plugins/wp-license-server/tests/php/ReactivationTest.php" line="165" assertions="5" time="0.129299"/>
      </testsuite>
      <testsuite name="WpLicenseServer\Tests\WebhookDeduplicationTest" file="/var/www/html/wordpress/wp-content/plugins/wp-license-server/tests/php/WebhookDeduplicationTest.php" tests="3" assertions="3" errors="0" warnings="0" failures="0" skipped="0" time="0.395580">
        <testcase name="test_duplicate_deterministic_event_inserts_once" class="WpLicenseServer\Tests\WebhookDeduplicationTest" classname="WpLicenseServer.Tests.WebhookDeduplicationTest" file="/var/www/html/wordpress/wp-content/plugins/wp-license-server/tests/php/WebhookDeduplicationTest.php" line="57" assertions="1" time="0.130440">
          <system-out>&lt;div id="error"&gt;&lt;p class="wpdberror"&gt;&lt;strong&gt;WordPress database error:&lt;/strong&gt; [Duplicate entry &amp;#039;65bfdac4dec974403ddd0e8cd21aaf9149e869e8a261081c0bc00f62f72933a0&amp;#039; for key &amp;#039;unique_event_id&amp;#039;]&lt;br /&gt;&lt;code&gt;INSERT INTO `wptests_license_webhook_queue` (`license_id`, `domain`, `webhook_secret`, `event`, `event_id`, `payload`, `status`, `attempts`, `last_attempt`) VALUES (1, &amp;#039;example.com&amp;#039;, &amp;#039;c4225c2dc0d03d4277a0b77a28536374&amp;#039;, &amp;#039;license.expired&amp;#039;, &amp;#039;65bfdac4dec974403ddd0e8cd21aaf9149e869e8a261081c0bc00f62f72933a0&amp;#039;, &amp;#039;{\&amp;quot;license_key_prefix\&amp;quot;:\&amp;quot;5f93da5c\&amp;quot;,\&amp;quot;data\&amp;quot;:{\&amp;quot;domain\&amp;quot;:\&amp;quot;example.com\&amp;quot;}}&amp;#039;, &amp;#039;pending&amp;#039;, 0, NULL)&lt;/code&gt;&lt;/p&gt;&lt;/div&gt;</system-out>
        </testcase>
        <testcase name="test_different_event_types_produce_different_rows" class="WpLicenseServer\Tests\WebhookDeduplicationTest" classname="WpLicenseServer.Tests.WebhookDeduplicationTest" file="/var/www/html/wordpress/wp-content/plugins/wp-license-server/tests/php/WebhookDeduplicationTest.php" line="77" assertions="1" time="0.132548"/>
        <testcase name="test_queued_row_has_non_empty_event_id" class="WpLicenseServer\Tests\WebhookDeduplicationTest" classname="WpLicenseServer.Tests.WebhookDeduplicationTest" file="/var/www/html/wordpress/wp-content/plugins/wp-license-server/tests/php/WebhookDeduplicationTest.php" line="95" assertions="1" time="0.132591"/>
      </testsuite>
      <testsuite name="WpLicenseServer\Tests\WebhookDispatcherTest" file="/var/www/html/wordpress/wp-content/plugins/wp-license-server/tests/php/WebhookDispatcherTest.php" tests="4" assertions="20" errors="0" warnings="0" failures="0" skipped="0" time="0.567527">
        <testcase name="test_dispatch_pending_marks_job_sent_on_http_200" class="WpLicenseServer\Tests\WebhookDispatcherTest" classname="WpLicenseServer.Tests.WebhookDispatcherTest" file="/var/www/html/wordpress/wp-content/plugins/wp-license-server/tests/php/WebhookDispatcherTest.php" line="61" assertions="7" time="0.135043"/>
        <testcase name="test_dispatch_failure_increments_attempts_and_keeps_job_pending" class="WpLicenseServer\Tests\WebhookDispatcherTest" classname="WpLicenseServer.Tests.WebhookDispatcherTest" file="/var/www/html/wordpress/wp-content/plugins/wp-license-server/tests/php/WebhookDispatcherTest.php" line="138" assertions="4" time="0.135624"/>
        <testcase name="test_terminal_failure_marks_job_failed_and_emits_hook" class="WpLicenseServer\Tests\WebhookDispatcherTest" classname="WpLicenseServer.Tests.WebhookDispatcherTest" file="/var/www/html/wordpress/wp-content/plugins/wp-license-server/tests/php/WebhookDispatcherTest.php" line="175" assertions="7" time="0.138038"/>
        <testcase name="test_dispatch_pending_scans_past_cooling_jobs_to_find_ready_work" class="WpLicenseServer\Tests\WebhookDispatcherTest" classname="WpLicenseServer.Tests.WebhookDispatcherTest" file="/var/www/html/wordpress/wp-content/plugins/wp-license-server/tests/php/WebhookDispatcherTest.php" line="237" assertions="2" time="0.158822"/>
      </testsuite>
      <testsuite name="WpLicenseServer\Tests\WebhookRetryScheduleTest" file="/var/www/html/wordpress/wp-content/plugins/wp-license-server/tests/php/WebhookRetryScheduleTest.php" tests="3" assertions="6" errors="0" warnings="0" failures="0" skipped="0" time="0.000905">
        <testcase name="test_first_attempt_is_ready_immediately" class="WpLicenseServer\Tests\WebhookRetryScheduleTest" classname="WpLicenseServer.Tests.WebhookRetryScheduleTest" file="/var/www/html/wordpress/wp-content/plugins/wp-license-server/tests/php/WebhookRetryScheduleTest.php" line="16" assertions="1" time="0.000355"/>
        <testcase name="test_second_attempt_waits_five_minutes" class="WpLicenseServer\Tests\WebhookRetryScheduleTest" classname="WpLicenseServer.Tests.WebhookRetryScheduleTest" file="/var/www/html/wordpress/wp-content/plugins/wp-license-server/tests/php/WebhookRetryScheduleTest.php" line="22" assertions="2" time="0.000299"/>
        <testcase name="test_fifth_failure_marks_job_failed" class="WpLicenseServer\Tests\WebhookRetryScheduleTest" classname="WpLicenseServer.Tests.WebhookRetryScheduleTest" file="/var/www/html/wordpress/wp-content/plugins/wp-license-server/tests/php/WebhookRetryScheduleTest.php" line="31" assertions="3" time="0.000251"/>
      </testsuite>
      <testsuite name="WpLicenseServer\Tests\WebhookServiceTest" file="/var/www/html/wordpress/wp-content/plugins/wp-license-server/tests/php/WebhookServiceTest.php" tests="3" assertions="13" errors="0" warnings="0" failures="0" skipped="0" time="0.394775">
        <testcase name="test_queue_event_creates_one_job_per_active_activation" class="WpLicenseServer\Tests\WebhookServiceTest" classname="WpLicenseServer.Tests.WebhookServiceTest" file="/var/www/html/wordpress/wp-content/plugins/wp-license-server/tests/php/WebhookServiceTest.php" line="46" assertions="8" time="0.132527"/>
        <testcase name="test_queue_event_skips_unknown_license" class="WpLicenseServer\Tests\WebhookServiceTest" classname="WpLicenseServer.Tests.WebhookServiceTest" file="/var/www/html/wordpress/wp-content/plugins/wp-license-server/tests/php/WebhookServiceTest.php" line="93" assertions="1" time="0.129726"/>
        <testcase name="test_queue_event_repairs_missing_webhook_secret_for_legacy_activation" class="WpLicenseServer\Tests\WebhookServiceTest" classname="WpLicenseServer.Tests.WebhookServiceTest" file="/var/www/html/wordpress/wp-content/plugins/wp-license-server/tests/php/WebhookServiceTest.php" line="99" assertions="4" time="0.132522"/>
      </testsuite>
      <testsuite name="WpLicenseServer\Tests\WebhookTargetValidatorTest" file="/var/www/html/wordpress/wp-content/plugins/wp-license-server/tests/php/WebhookTargetValidatorTest.php" tests="12" assertions="20" errors="0" warnings="0" failures="0" skipped="0" time="0.009890">
        <testcase name="test_empty_domain_rejected" class="WpLicenseServer\Tests\WebhookTargetValidatorTest" classname="WpLicenseServer.Tests.WebhookTargetValidatorTest" file="/var/www/html/wordpress/wp-content/plugins/wp-license-server/tests/php/WebhookTargetValidatorTest.php" line="47" assertions="2" time="0.000551"/>
        <testcase name="test_localhost_rejected" class="WpLicenseServer\Tests\WebhookTargetValidatorTest" classname="WpLicenseServer.Tests.WebhookTargetValidatorTest" file="/var/www/html/wordpress/wp-content/plugins/wp-license-server/tests/php/WebhookTargetValidatorTest.php" line="55" assertions="1" time="0.000765"/>
        <testcase name="test_private_ip_rejected" class="WpLicenseServer\Tests\WebhookTargetValidatorTest" classname="WpLicenseServer.Tests.WebhookTargetValidatorTest" file="/var/www/html/wordpress/wp-content/plugins/wp-license-server/tests/php/WebhookTargetValidatorTest.php" line="62" assertions="1" time="0.000803"/>
        <testcase name="test_public_domain_accepted" class="WpLicenseServer\Tests\WebhookTargetValidatorTest" classname="WpLicenseServer.Tests.WebhookTargetValidatorTest" file="/var/www/html/wordpress/wp-content/plugins/wp-license-server/tests/php/WebhookTargetValidatorTest.php" line="69" assertions="2" time="0.000674"/>
        <testcase name="test_dev_mode_allows_empty_domain" class="WpLicenseServer\Tests\WebhookTargetValidatorTest" classname="WpLicenseServer.Tests.WebhookTargetValidatorTest" file="/var/www/html/wordpress/wp-content/plugins/wp-license-server/tests/php/WebhookTargetValidatorTest.php" line="81" assertions="1" time="0.000851"/>
        <testcase name="test_dev_mode_allows_localhost" class="WpLicenseServer\Tests\WebhookTargetValidatorTest" classname="WpLicenseServer.Tests.WebhookTargetValidatorTest" file="/var/www/html/wordpress/wp-content/plugins/wp-license-server/tests/php/WebhookTargetValidatorTest.php" line="91" assertions="2" time="0.000828"/>
        <testcase name="test_dev_mode_allows_private_ip" class="WpLicenseServer\Tests\WebhookTargetValidatorTest" classname="WpLicenseServer.Tests.WebhookTargetValidatorTest" file="/var/www/html/wordpress/wp-content/plugins/wp-license-server/tests/php/WebhookTargetValidatorTest.php" line="100" assertions="2" time="0.000828"/>
        <testcase name="test_dev_mode_allows_local_tld" class="WpLicenseServer\Tests\WebhookTargetValidatorTest" classname="WpLicenseServer.Tests.WebhookTargetValidatorTest" file="/var/www/html/wordpress/wp-content/plugins/wp-license-server/tests/php/WebhookTargetValidatorTest.php" line="109" assertions="2" time="0.000959"/>
        <testcase name="test_dev_mode_allows_127_0_0_1" class="WpLicenseServer\Tests\WebhookTargetValidatorTest" classname="WpLicenseServer.Tests.WebhookTargetValidatorTest" file="/var/www/html/wordpress/wp-content/plugins/wp-license-server/tests/php/WebhookTargetValidatorTest.php" line="118" assertions="2" time="0.000831"/>
        <testcase name="test_dev_mode_still_rejects_truly_empty" class="WpLicenseServer\Tests\WebhookTargetValidatorTest" classname="WpLicenseServer.Tests.WebhookTargetValidatorTest" file="/var/www/html/wordpress/wp-content/plugins/wp-license-server/tests/php/WebhookTargetValidatorTest.php" line="127" assertions="1" time="0.000986"/>
        <testcase name="test_dev_mode_normalizes_domain" class="WpLicenseServer\Tests\WebhookTargetValidatorTest" classname="WpLicenseServer.Tests.WebhookTargetValidatorTest" file="/var/www/html/wordpress/wp-content/plugins/wp-license-server/tests/php/WebhookTargetValidatorTest.php" line="139" assertions="2" time="0.000944"/>
        <testcase name="test_webhook_dispatcher_resolves_private_ip_in_dev_mode" class="WpLicenseServer\Tests\WebhookTargetValidatorTest" classname="WpLicenseServer.Tests.WebhookTargetValidatorTest" file="/var/www/html/wordpress/wp-content/plugins/wp-license-server/tests/php/WebhookTargetValidatorTest.php" line="152" assertions="2" time="0.000870"/>
      </testsuite>
    </testsuite>
  </testsuite>
</testsuites>
